// Jest Snapshot v1, https://goo.gl/fbAQLP

exports[`Stories Snapshots Documentazione/Utilities/Colori ColoriSfondo 1`] = `
<div>
  <div
    class="p-3 mb-2 bg-primary text-white"
  >
    .bg-primary
  </div>
  <div
    class="p-3 mb-2 bg-secondary text-white"
  >
    .bg-secondary
  </div>
  <div
    class="p-3 mb-2 bg-success text-white"
  >
    .bg-success
  </div>
  <div
    class="p-3 mb-2 bg-danger text-white"
  >
    .bg-danger
  </div>
  <div
    class="p-3 mb-2 bg-warning text-white"
  >
    .bg-warning
  </div>
  <div
    class="p-3 mb-2 bg-white text-dark"
  >
    .bg-white
  </div>
</div>
`;

exports[`Stories Snapshots Documentazione/Utilities/Colori ColoriTesto 1`] = `
<div>
  <p
    class="p-3 mb-2 text-primary"
  >
    .text-primary
  </p>
  <p
    class="p-3 mb-2 text-secondary"
  >
    .text-secondary
  </p>
  <p
    class="p-3 mb-2 text-success"
  >
    .text-success
  </p>
  <p
    class="p-3 mb-2 text-danger"
  >
    .text-danger
  </p>
  <p
    class="p-3 mb-2 text-warning"
  >
    .text-warning
  </p>
  <p
    class="p-3 mb-2 text-muted"
  >
    .text-muted
  </p>
  <p
    class="p-3 mb-2 text-white bg-dark"
  >
    .text-white
  </p>
</div>
`;
