// Jest Snapshot v1, https://goo.gl/fbAQLP

exports[`Stories Snapshots Documentazione/Componenti/Skiplink _Esempi 1`] = `
<div>
  <section
    tabindex="-1"
  >
    <div
      id="#main"
    />
    <div
      id="#footer"
    />
    <div
      class="skiplinks"
    >
      <a
        class="visually-hidden-focusable"
        href="#main"
      >
        Skip to main content
      </a>
      <a
        class="visually-hidden-focusable"
        href="#"
      >
        Skip to footer
      </a>
    </div>
  </section>
</div>
`;
